// Jest Snapshot v1, https://goo.gl/fbAQLP

exports[`FormInput renders with no errors 1`] = `
<DocumentFragment>
  <div>
    <label
      class="Label"
      for="input"
    >
      Input Label
    </label>
    <input
      class="Input"
      id="input"
      name="input"
      type="text"
    />
  </div>
</DocumentFragment>
`;
