// Jest Snapshot v1, https://goo.gl/fbAQLP

exports[`Input renders with no errors 1`] = `
<DocumentFragment>
  <h1
    class="H1"
  >
    Heading
  </h1>
</DocumentFragment>
`;
