// Jest Snapshot v1, https://goo.gl/fbAQLP

exports[`Input renders with no errors 1`] = `
<DocumentFragment>
  <input
    class="Input"
    name="input"
    type="text"
  />
</DocumentFragment>
`;
